---
source: src/mesh/scalar_field.rs
expression: "&scalar_field"
---
{
  "block_start": [
    -1,
    -1,
    -1
  ],
  "block_dimensions": [
    3,
    3,
    3
  ],
  "voxel_dimensions": [
    0.5,
    0.5,
    0.5
  ],
  "voxels": [
    null,
    0,
    null,
    0,
    0,
    0,
    null,
    0,
    null,
    0,
    0,
    0,
    0,
    null,
    0,
    0,
    0,
    0,
    null,
    0,
    null,
    0,
    0,
    0,
    null,
    0,
    null
  ]
}
