---
source: src/mesh/smoothing.rs
expression: "&relaxed_mesh"
---
{
  "faces": [
    {
      "Triangle": {
        "vertices": [
          0,
          4,
          3
        ],
        "normals": [
          0,
          0,
          0
        ]
      }
    },
    {
      "Triangle": {
        "vertices": [
          0,
          9,
          1
        ],
        "normals": [
          1,
          1,
          1
        ]
      }
    },
    {
      "Triangle": {
        "vertices": [
          1,
          3,
          2
        ],
        "normals": [
          2,
          2,
          2
        ]
      }
    },
    {
      "Triangle": {
        "vertices": [
          5,
          9,
          7
        ],
        "normals": [
          3,
          3,
          3
        ]
      }
    },
    {
      "Triangle": {
        "vertices": [
          5,
          6,
          9
        ],
        "normals": [
          4,
          4,
          4
        ]
      }
    },
    {
      "Triangle": {
        "vertices": [
          6,
          7,
          18
        ],
        "normals": [
          5,
          5,
          5
        ]
      }
    },
    {
      "Triangle": {
        "vertices": [
          0,
          15,
          4
        ],
        "normals": [
          6,
          6,
          6
        ]
      }
    },
    {
      "Triangle": {
        "vertices": [
          3,
          15,
          9
        ],
        "normals": [
          7,
          7,
          7
        ]
      }
    },
    {
      "Triangle": {
        "vertices": [
          1,
          11,
          10
        ],
        "normals": [
          8,
          8,
          8
        ]
      }
    },
    {
      "Triangle": {
        "vertices": [
          11,
          18,
          12
        ],
        "normals": [
          9,
          9,
          9
        ]
      }
    },
    {
      "Triangle": {
        "vertices": [
          1,
          13,
          12
        ],
        "normals": [
          10,
          10,
          10
        ]
      }
    },
    {
      "Triangle": {
        "vertices": [
          2,
          15,
          14
        ],
        "normals": [
          11,
          11,
          11
        ]
      }
    },
    {
      "Triangle": {
        "vertices": [
          1,
          14,
          15
        ],
        "normals": [
          12,
          12,
          12
        ]
      }
    },
    {
      "Triangle": {
        "vertices": [
          0,
          2,
          8
        ],
        "normals": [
          13,
          13,
          13
        ]
      }
    },
    {
      "Triangle": {
        "vertices": [
          6,
          8,
          14
        ],
        "normals": [
          14,
          14,
          14
        ]
      }
    },
    {
      "Triangle": {
        "vertices": [
          10,
          16,
          13
        ],
        "normals": [
          15,
          15,
          15
        ]
      }
    },
    {
      "Triangle": {
        "vertices": [
          1,
          12,
          16
        ],
        "normals": [
          16,
          16,
          16
        ]
      }
    },
    {
      "Triangle": {
        "vertices": [
          7,
          17,
          8
        ],
        "normals": [
          17,
          17,
          17
        ]
      }
    },
    {
      "Triangle": {
        "vertices": [
          8,
          18,
          9
        ],
        "normals": [
          18,
          18,
          18
        ]
      }
    },
    {
      "Triangle": {
        "vertices": [
          6,
          14,
          17
        ],
        "normals": [
          19,
          19,
          19
        ]
      }
    },
    {
      "Triangle": {
        "vertices": [
          11,
          16,
          17
        ],
        "normals": [
          20,
          20,
          20
        ]
      }
    },
    {
      "Triangle": {
        "vertices": [
          16,
          18,
          17
        ],
        "normals": [
          21,
          21,
          21
        ]
      }
    },
    {
      "Triangle": {
        "vertices": [
          10,
          17,
          14
        ],
        "normals": [
          22,
          22,
          22
        ]
      }
    },
    {
      "Triangle": {
        "vertices": [
          0,
          3,
          9
        ],
        "normals": [
          23,
          23,
          23
        ]
      }
    },
    {
      "Triangle": {
        "vertices": [
          0,
          1,
          2
        ],
        "normals": [
          24,
          24,
          24
        ]
      }
    },
    {
      "Triangle": {
        "vertices": [
          2,
          3,
          4
        ],
        "normals": [
          25,
          25,
          25
        ]
      }
    },
    {
      "Triangle": {
        "vertices": [
          7,
          9,
          18
        ],
        "normals": [
          26,
          26,
          26
        ]
      }
    },
    {
      "Triangle": {
        "vertices": [
          1,
          9,
          6
        ],
        "normals": [
          27,
          27,
          27
        ]
      }
    },
    {
      "Triangle": {
        "vertices": [
          1,
          6,
          18
        ],
        "normals": [
          28,
          28,
          28
        ]
      }
    },
    {
      "Triangle": {
        "vertices": [
          0,
          8,
          15
        ],
        "normals": [
          29,
          29,
          29
        ]
      }
    },
    {
      "Triangle": {
        "vertices": [
          8,
          9,
          15
        ],
        "normals": [
          30,
          30,
          30
        ]
      }
    },
    {
      "Triangle": {
        "vertices": [
          1,
          18,
          11
        ],
        "normals": [
          31,
          31,
          31
        ]
      }
    },
    {
      "Triangle": {
        "vertices": [
          11,
          12,
          13
        ],
        "normals": [
          32,
          32,
          32
        ]
      }
    },
    {
      "Triangle": {
        "vertices": [
          1,
          10,
          13
        ],
        "normals": [
          33,
          33,
          33
        ]
      }
    },
    {
      "Triangle": {
        "vertices": [
          2,
          4,
          15
        ],
        "normals": [
          34,
          34,
          34
        ]
      }
    },
    {
      "Triangle": {
        "vertices": [
          1,
          15,
          3
        ],
        "normals": [
          35,
          35,
          35
        ]
      }
    },
    {
      "Triangle": {
        "vertices": [
          2,
          14,
          8
        ],
        "normals": [
          36,
          36,
          36
        ]
      }
    },
    {
      "Triangle": {
        "vertices": [
          5,
          8,
          6
        ],
        "normals": [
          37,
          37,
          37
        ]
      }
    },
    {
      "Triangle": {
        "vertices": [
          10,
          14,
          16
        ],
        "normals": [
          38,
          38,
          38
        ]
      }
    },
    {
      "Triangle": {
        "vertices": [
          1,
          16,
          14
        ],
        "normals": [
          39,
          39,
          39
        ]
      }
    },
    {
      "Triangle": {
        "vertices": [
          5,
          7,
          8
        ],
        "normals": [
          40,
          40,
          40
        ]
      }
    },
    {
      "Triangle": {
        "vertices": [
          8,
          17,
          18
        ],
        "normals": [
          41,
          41,
          41
        ]
      }
    },
    {
      "Triangle": {
        "vertices": [
          6,
          17,
          7
        ],
        "normals": [
          42,
          42,
          42
        ]
      }
    },
    {
      "Triangle": {
        "vertices": [
          11,
          13,
          16
        ],
        "normals": [
          43,
          43,
          43
        ]
      }
    },
    {
      "Triangle": {
        "vertices": [
          12,
          18,
          16
        ],
        "normals": [
          44,
          44,
          44
        ]
      }
    },
    {
      "Triangle": {
        "vertices": [
          10,
          11,
          17
        ],
        "normals": [
          45,
          45,
          45
        ]
      }
    }
  ],
  "vertices": [
    [
      15.005896,
      -0.096932136,
      0.035714287
    ],
    [
      15.032319,
      1.3814715,
      0.07692308
    ],
    [
      14.85898,
      0.023603572,
      -0.071428575
    ],
    [
      15.036084,
      0.0625,
      0.125
    ],
    [
      14.7667465,
      -0.40400624,
      0.0625
    ],
    [
      15.922697,
      0.79014397,
      0.0625
    ],
    [
      15.74002,
      1.2527441,
      -0.03125
    ],
    [
      16.038675,
      1.1591878,
      0.0
    ],
    [
      15.546143,
      0.94594526,
      0.025
    ],
    [
      15.369417,
      0.61406684,
      0.083333336
    ],
    [
      14.954895,
      2.2789257,
      -0.125
    ],
    [
      15.005896,
      2.5789828,
      0.035714287
    ],
    [
      15.1,
      2.5052557,
      0.1
    ],
    [
      14.670095,
      2.5570505,
      0.1
    ],
    [
      15.010317,
      1.2410252,
      -0.125
    ],
    [
      15.082797,
      0.19028437,
      0.0625
    ],
    [
      15.082798,
      2.3152037,
      0.0625
    ],
    [
      15.3785515,
      1.8498192,
      -0.03125
    ],
    [
      15.381446,
      1.8054839,
      0.0
    ]
  ],
  "normals": [
    [
      -0.65674883,
      0.45930424,
      -0.5980974
    ],
    [
      -0.07897137,
      -0.026365617,
      0.9965282
    ],
    [
      0.74469376,
      -0.022187935,
      -0.66703737
    ],
    [
      0.017774105,
      -0.17238006,
      -0.98487014
    ],
    [
      -0.023404375,
      0.18968096,
      0.9815668
    ],
    [
      -0.14999542,
      -0.15253286,
      0.97684956
    ],
    [
      0.32790974,
      -0.17438614,
      0.9284744
    ],
    [
      0.7552389,
      -0.4893602,
      -0.43605125
    ],
    [
      -0.94762087,
      -0.009923744,
      0.319243
    ],
    [
      -0.7039531,
      -0.36978284,
      0.60639155
    ],
    [
      0.002455708,
      0.020382786,
      -0.99978924
    ],
    [
      -0.5677583,
      0.10649704,
      0.8162775
    ],
    [
      -0.98945236,
      -0.043601863,
      0.13814108
    ],
    [
      0.43862417,
      -0.23613098,
      -0.86709344
    ],
    [
      0.12722506,
      -0.25608736,
      -0.95824474
    ],
    [
      -0.423347,
      -0.7909327,
      0.44181767
    ],
    [
      -0.98410225,
      0.055806443,
      0.16860728
    ],
    [
      0.021991286,
      0.066158205,
      0.99756676
    ],
    [
      0.19809759,
      0.066401064,
      0.97793055
    ],
    [
      0.12585527,
      0.07619257,
      -0.9891184
    ],
    [
      0.6383266,
      0.2596826,
      0.72464067
    ],
    [
      0.77739465,
      0.3955069,
      0.4891134
    ],
    [
      0.22777335,
      0.012162646,
      -0.97363824
    ],
    [
      -0.75932664,
      0.4214366,
      -0.49579668
    ],
    [
      -0.5954669,
      -0.0117481295,
      0.8032939
    ],
    [
      0.7304845,
      -0.3425962,
      -0.5907794
    ],
    [
      -0.06778598,
      -0.068932705,
      -0.9953157
    ],
    [
      0.16492464,
      0.08065768,
      0.98300266
    ],
    [
      0.15938884,
      0.047650162,
      0.9860652
    ],
    [
      0.37562817,
      -0.18525927,
      0.9080652
    ],
    [
      0.74026644,
      -0.47739834,
      -0.47338822
    ],
    [
      0.17118531,
      0.03765655,
      0.98451895
    ],
    [
      -0.086136214,
      -0.7149445,
      -0.6938552
    ],
    [
      0.72418773,
      0.21024676,
      0.65677124
    ],
    [
      -0.6591641,
      0.35055098,
      0.6652944
    ],
    [
      -0.77533656,
      -0.025215032,
      -0.6310447
    ],
    [
      0.23215587,
      -0.071544915,
      -0.9700438
    ],
    [
      0.018457642,
      -0.19158101,
      -0.9813033
    ],
    [
      -0.8213345,
      -0.043857634,
      0.5687584
    ],
    [
      -0.9960107,
      0.054932036,
      0.070321076
    ],
    [
      -0.02570807,
      0.17477232,
      0.9842732
    ],
    [
      0.9650366,
      0.19015822,
      0.1804001
    ],
    [
      0.12767705,
      0.07729549,
      -0.9887993
    ],
    [
      0.17641924,
      0.15021586,
      0.9727854
    ],
    [
      0.10790965,
      0.18304136,
      -0.9771649
    ],
    [
      0.51432467,
      0.3353456,
      -0.789312
    ]
  ]
}
