---
source: src/mesh_smoothing.rs
expression: "&subdivided_geometry"
---
{
  "faces": [
    {
      "Triangle": {
        "vertices": [
          1,
          8,
          10
        ],
        "normals": [
          0,
          0,
          0
        ]
      }
    },
    {
      "Triangle": {
        "vertices": [
          3,
          9,
          8
        ],
        "normals": [
          1,
          1,
          1
        ]
      }
    },
    {
      "Triangle": {
        "vertices": [
          4,
          10,
          9
        ],
        "normals": [
          2,
          2,
          2
        ]
      }
    },
    {
      "Triangle": {
        "vertices": [
          8,
          9,
          10
        ],
        "normals": [
          3,
          3,
          3
        ]
      }
    },
    {
      "Triangle": {
        "vertices": [
          0,
          11,
          12
        ],
        "normals": [
          4,
          4,
          4
        ]
      }
    },
    {
      "Triangle": {
        "vertices": [
          3,
          8,
          11
        ],
        "normals": [
          5,
          5,
          5
        ]
      }
    },
    {
      "Triangle": {
        "vertices": [
          1,
          12,
          8
        ],
        "normals": [
          6,
          6,
          6
        ]
      }
    },
    {
      "Triangle": {
        "vertices": [
          8,
          12,
          11
        ],
        "normals": [
          7,
          7,
          7
        ]
      }
    },
    {
      "Triangle": {
        "vertices": [
          2,
          13,
          15
        ],
        "normals": [
          8,
          8,
          8
        ]
      }
    },
    {
      "Triangle": {
        "vertices": [
          4,
          14,
          13
        ],
        "normals": [
          9,
          9,
          9
        ]
      }
    },
    {
      "Triangle": {
        "vertices": [
          5,
          15,
          14
        ],
        "normals": [
          10,
          10,
          10
        ]
      }
    },
    {
      "Triangle": {
        "vertices": [
          13,
          14,
          15
        ],
        "normals": [
          11,
          11,
          11
        ]
      }
    },
    {
      "Triangle": {
        "vertices": [
          1,
          10,
          16
        ],
        "normals": [
          12,
          12,
          12
        ]
      }
    },
    {
      "Triangle": {
        "vertices": [
          4,
          13,
          10
        ],
        "normals": [
          13,
          13,
          13
        ]
      }
    },
    {
      "Triangle": {
        "vertices": [
          2,
          16,
          13
        ],
        "normals": [
          14,
          14,
          14
        ]
      }
    },
    {
      "Triangle": {
        "vertices": [
          10,
          13,
          16
        ],
        "normals": [
          15,
          15,
          15
        ]
      }
    },
    {
      "Triangle": {
        "vertices": [
          0,
          17,
          11
        ],
        "normals": [
          16,
          16,
          16
        ]
      }
    },
    {
      "Triangle": {
        "vertices": [
          5,
          18,
          17
        ],
        "normals": [
          17,
          17,
          17
        ]
      }
    },
    {
      "Triangle": {
        "vertices": [
          3,
          11,
          18
        ],
        "normals": [
          18,
          18,
          18
        ]
      }
    },
    {
      "Triangle": {
        "vertices": [
          11,
          17,
          18
        ],
        "normals": [
          19,
          19,
          19
        ]
      }
    },
    {
      "Triangle": {
        "vertices": [
          0,
          19,
          17
        ],
        "normals": [
          20,
          20,
          20
        ]
      }
    },
    {
      "Triangle": {
        "vertices": [
          2,
          15,
          19
        ],
        "normals": [
          21,
          21,
          21
        ]
      }
    },
    {
      "Triangle": {
        "vertices": [
          5,
          17,
          15
        ],
        "normals": [
          22,
          22,
          22
        ]
      }
    },
    {
      "Triangle": {
        "vertices": [
          15,
          17,
          19
        ],
        "normals": [
          23,
          23,
          23
        ]
      }
    },
    {
      "Triangle": {
        "vertices": [
          0,
          12,
          21
        ],
        "normals": [
          24,
          24,
          24
        ]
      }
    },
    {
      "Triangle": {
        "vertices": [
          1,
          20,
          12
        ],
        "normals": [
          25,
          25,
          25
        ]
      }
    },
    {
      "Triangle": {
        "vertices": [
          6,
          21,
          20
        ],
        "normals": [
          26,
          26,
          26
        ]
      }
    },
    {
      "Triangle": {
        "vertices": [
          12,
          20,
          21
        ],
        "normals": [
          27,
          27,
          27
        ]
      }
    },
    {
      "Triangle": {
        "vertices": [
          3,
          22,
          9
        ],
        "normals": [
          28,
          28,
          28
        ]
      }
    },
    {
      "Triangle": {
        "vertices": [
          7,
          23,
          22
        ],
        "normals": [
          29,
          29,
          29
        ]
      }
    },
    {
      "Triangle": {
        "vertices": [
          4,
          9,
          23
        ],
        "normals": [
          30,
          30,
          30
        ]
      }
    },
    {
      "Triangle": {
        "vertices": [
          9,
          22,
          23
        ],
        "normals": [
          31,
          31,
          31
        ]
      }
    },
    {
      "Triangle": {
        "vertices": [
          1,
          16,
          20
        ],
        "normals": [
          32,
          32,
          32
        ]
      }
    },
    {
      "Triangle": {
        "vertices": [
          2,
          24,
          16
        ],
        "normals": [
          33,
          33,
          33
        ]
      }
    },
    {
      "Triangle": {
        "vertices": [
          6,
          20,
          24
        ],
        "normals": [
          34,
          34,
          34
        ]
      }
    },
    {
      "Triangle": {
        "vertices": [
          16,
          24,
          20
        ],
        "normals": [
          35,
          35,
          35
        ]
      }
    },
    {
      "Triangle": {
        "vertices": [
          4,
          23,
          14
        ],
        "normals": [
          36,
          36,
          36
        ]
      }
    },
    {
      "Triangle": {
        "vertices": [
          7,
          25,
          23
        ],
        "normals": [
          37,
          37,
          37
        ]
      }
    },
    {
      "Triangle": {
        "vertices": [
          5,
          14,
          25
        ],
        "normals": [
          38,
          38,
          38
        ]
      }
    },
    {
      "Triangle": {
        "vertices": [
          14,
          23,
          25
        ],
        "normals": [
          39,
          39,
          39
        ]
      }
    },
    {
      "Triangle": {
        "vertices": [
          0,
          21,
          19
        ],
        "normals": [
          40,
          40,
          40
        ]
      }
    },
    {
      "Triangle": {
        "vertices": [
          6,
          24,
          21
        ],
        "normals": [
          41,
          41,
          41
        ]
      }
    },
    {
      "Triangle": {
        "vertices": [
          2,
          19,
          24
        ],
        "normals": [
          42,
          42,
          42
        ]
      }
    },
    {
      "Triangle": {
        "vertices": [
          19,
          21,
          24
        ],
        "normals": [
          43,
          43,
          43
        ]
      }
    },
    {
      "Triangle": {
        "vertices": [
          3,
          18,
          22
        ],
        "normals": [
          44,
          44,
          44
        ]
      }
    },
    {
      "Triangle": {
        "vertices": [
          5,
          25,
          18
        ],
        "normals": [
          45,
          45,
          45
        ]
      }
    },
    {
      "Triangle": {
        "vertices": [
          7,
          22,
          25
        ],
        "normals": [
          46,
          46,
          46
        ]
      }
    },
    {
      "Triangle": {
        "vertices": [
          18,
          25,
          22
        ],
        "normals": [
          47,
          47,
          47
        ]
      }
    }
  ],
  "vertices": [
    [
      0.50878996,
      -0.056250006,
      0.3875
    ],
    [
      -0.20568109,
      0.46874997,
      0.3875
    ],
    [
      -0.3031088,
      -0.41250002,
      0.3875
    ],
    [
      0.5087899,
      0.056250002,
      -0.38750005
    ],
    [
      -0.30310893,
      0.41249996,
      -0.38750005
    ],
    [
      -0.20568095,
      -0.46874997,
      -0.38750005
    ],
    [
      0.0,
      -1.4901161e-8,
      0.71875
    ],
    [
      0.0,
      0.0,
      -0.71875
    ],
    [
      0.2165063,
      0.375,
      -5.9604645e-8
    ],
    [
      0.10825314,
      0.375,
      -0.43750006
    ],
    [
      -0.27063298,
      0.46875,
      -5.9604645e-8
    ],
    [
      0.54126585,
      0.0,
      -5.9604645e-8
    ],
    [
      0.27063292,
      0.28125,
      0.43749994
    ],
    [
      -0.43301272,
      -2.9802322e-8,
      -5.9604645e-8
    ],
    [
      -0.3788861,
      -0.09375,
      -0.43750006
    ],
    [
      -0.27063286,
      -0.46875003,
      -5.9604645e-8
    ],
    [
      -0.37888613,
      0.09374997,
      0.43749994
    ],
    [
      0.2165064,
      -0.375,
      -5.9604645e-8
    ],
    [
      0.27063298,
      -0.28125,
      -0.43750006
    ],
    [
      0.10825324,
      -0.37500003,
      0.43749994
    ],
    [
      -0.108253196,
      0.1875,
      0.6875
    ],
    [
      0.21650636,
      -7.450581e-9,
      0.6875
    ],
    [
      0.21650635,
      0.0,
      -0.68750006
    ],
    [
      -0.10825319,
      0.1875,
      -0.6875
    ],
    [
      -0.10825316,
      -0.18750003,
      0.6875
    ],
    [
      -0.10825315,
      -0.1875,
      -0.6875
    ]
  ],
  "normals": [
    [
      0.1888875,
      0.9814882,
      -0.03166083
    ],
    [
      0.6269384,
      0.7634683,
      -0.155127
    ],
    [
      0.071771055,
      0.9862029,
      -0.14917365
    ],
    [
      0.18877596,
      0.98090863,
      -0.04670993
    ],
    [
      0.8181911,
      0.5552572,
      0.14917341
    ],
    [
      0.75554997,
      0.65432554,
      0.03166093
    ],
    [
      0.34771365,
      0.92467874,
      0.155127
    ],
    [
      0.7551038,
      0.6539391,
      0.046709888
    ],
    [
      -0.94443744,
      -0.3271629,
      -0.03166086
    ],
    [
      -0.9746521,
      0.16121037,
      -0.15512708
    ],
    [
      -0.88996226,
      -0.43094593,
      -0.14917362
    ],
    [
      -0.9438797,
      -0.3269697,
      -0.04670998
    ],
    [
      -0.88996243,
      0.4309457,
      0.14917356
    ],
    [
      -0.9444375,
      0.3271627,
      0.03166088
    ],
    [
      -0.97465205,
      -0.16121061,
      0.15512708
    ],
    [
      -0.9438798,
      0.32696947,
      0.046709944
    ],
    [
      0.75555015,
      -0.65432537,
      -0.031661015
    ],
    [
      0.3477137,
      -0.92467874,
      -0.15512703
    ],
    [
      0.81819123,
      -0.55525696,
      -0.14917354
    ],
    [
      0.755104,
      -0.653939,
      -0.04670994
    ],
    [
      0.62693846,
      -0.7634682,
      0.155127
    ],
    [
      0.07177116,
      -0.9862029,
      0.14917353
    ],
    [
      0.18888755,
      -0.9814882,
      0.031660777
    ],
    [
      0.18877603,
      -0.98090863,
      0.046709895
    ],
    [
      0.69282025,
      0.40000013,
      0.59999996
    ],
    [
      0.22807209,
      0.7461723,
      0.62546784
    ],
    [
      0.13867503,
      0.24019222,
      0.96076894
    ],
    [
      0.3392756,
      0.58764267,
      0.73455316
    ],
    [
      0.5321681,
      0.57060236,
      -0.62546784
    ],
    [
      0.13867481,
      0.24019212,
      -0.960769
    ],
    [
      -9.1767376e-8,
      0.79999995,
      -0.6000001
    ],
    [
      0.33927542,
      0.58764255,
      -0.73455316
    ],
    [
      -0.69282037,
      0.3999999,
      0.5999999
    ],
    [
      -0.7602402,
      -0.17557001,
      0.62546784
    ],
    [
      -0.2773501,
      -2.7552256e-8,
      0.96076894
    ],
    [
      -0.67855126,
      -1.07852784e-7,
      0.7345531
    ],
    [
      -0.76024,
      0.17556989,
      -0.625468
    ],
    [
      -0.27735013,
      -2.755226e-8,
      -0.96076894
    ],
    [
      -0.69282025,
      -0.40000013,
      -0.6
    ],
    [
      -0.678551,
      -5.3926403e-8,
      -0.7345532
    ],
    [
      0.5321681,
      -0.57060224,
      0.6254679
    ],
    [
      0.13867505,
      -0.24019219,
      0.96076894
    ],
    [
      6.554811e-8,
      -0.8000001,
      0.59999996
    ],
    [
      0.33927566,
      -0.5876425,
      0.7345531
    ],
    [
      0.6928204,
      -0.39999986,
      -0.59999996
    ],
    [
      0.22807199,
      -0.7461722,
      -0.625468
    ],
    [
      0.13867481,
      -0.2401921,
      -0.960769
    ],
    [
      0.33927548,
      -0.58764255,
      -0.7345532
    ]
  ]
}
