---
source: src/mesh_smoothing.rs
expression: "&relaxed_geometry"
---
{
  "faces": [
    {
      "Triangle": {
        "vertices": [
          4,
          3,
          0
        ],
        "normals": [
          0,
          0,
          0
        ]
      }
    },
    {
      "Triangle": {
        "vertices": [
          0,
          9,
          1
        ],
        "normals": [
          1,
          1,
          1
        ]
      }
    },
    {
      "Triangle": {
        "vertices": [
          2,
          1,
          3
        ],
        "normals": [
          2,
          2,
          2
        ]
      }
    },
    {
      "Triangle": {
        "vertices": [
          7,
          5,
          9
        ],
        "normals": [
          3,
          3,
          3
        ]
      }
    },
    {
      "Triangle": {
        "vertices": [
          5,
          6,
          9
        ],
        "normals": [
          4,
          4,
          4
        ]
      }
    },
    {
      "Triangle": {
        "vertices": [
          6,
          7,
          18
        ],
        "normals": [
          5,
          5,
          5
        ]
      }
    },
    {
      "Triangle": {
        "vertices": [
          15,
          4,
          0
        ],
        "normals": [
          6,
          6,
          6
        ]
      }
    },
    {
      "Triangle": {
        "vertices": [
          3,
          15,
          9
        ],
        "normals": [
          7,
          7,
          7
        ]
      }
    },
    {
      "Triangle": {
        "vertices": [
          10,
          1,
          11
        ],
        "normals": [
          8,
          8,
          8
        ]
      }
    },
    {
      "Triangle": {
        "vertices": [
          11,
          18,
          12
        ],
        "normals": [
          9,
          9,
          9
        ]
      }
    },
    {
      "Triangle": {
        "vertices": [
          13,
          12,
          1
        ],
        "normals": [
          10,
          10,
          10
        ]
      }
    },
    {
      "Triangle": {
        "vertices": [
          14,
          2,
          15
        ],
        "normals": [
          11,
          11,
          11
        ]
      }
    },
    {
      "Triangle": {
        "vertices": [
          1,
          14,
          15
        ],
        "normals": [
          12,
          12,
          12
        ]
      }
    },
    {
      "Triangle": {
        "vertices": [
          8,
          0,
          2
        ],
        "normals": [
          13,
          13,
          13
        ]
      }
    },
    {
      "Triangle": {
        "vertices": [
          8,
          14,
          6
        ],
        "normals": [
          14,
          14,
          14
        ]
      }
    },
    {
      "Triangle": {
        "vertices": [
          16,
          13,
          10
        ],
        "normals": [
          15,
          15,
          15
        ]
      }
    },
    {
      "Triangle": {
        "vertices": [
          12,
          16,
          1
        ],
        "normals": [
          16,
          16,
          16
        ]
      }
    },
    {
      "Triangle": {
        "vertices": [
          17,
          8,
          7
        ],
        "normals": [
          17,
          17,
          17
        ]
      }
    },
    {
      "Triangle": {
        "vertices": [
          18,
          9,
          8
        ],
        "normals": [
          18,
          18,
          18
        ]
      }
    },
    {
      "Triangle": {
        "vertices": [
          14,
          17,
          6
        ],
        "normals": [
          19,
          19,
          19
        ]
      }
    },
    {
      "Triangle": {
        "vertices": [
          17,
          11,
          16
        ],
        "normals": [
          20,
          20,
          20
        ]
      }
    },
    {
      "Triangle": {
        "vertices": [
          18,
          17,
          16
        ],
        "normals": [
          21,
          21,
          21
        ]
      }
    },
    {
      "Triangle": {
        "vertices": [
          14,
          10,
          17
        ],
        "normals": [
          22,
          22,
          22
        ]
      }
    },
    {
      "Triangle": {
        "vertices": [
          3,
          9,
          0
        ],
        "normals": [
          23,
          23,
          23
        ]
      }
    },
    {
      "Triangle": {
        "vertices": [
          0,
          1,
          2
        ],
        "normals": [
          24,
          24,
          24
        ]
      }
    },
    {
      "Triangle": {
        "vertices": [
          2,
          3,
          4
        ],
        "normals": [
          25,
          25,
          25
        ]
      }
    },
    {
      "Triangle": {
        "vertices": [
          7,
          9,
          18
        ],
        "normals": [
          26,
          26,
          26
        ]
      }
    },
    {
      "Triangle": {
        "vertices": [
          6,
          1,
          9
        ],
        "normals": [
          27,
          27,
          27
        ]
      }
    },
    {
      "Triangle": {
        "vertices": [
          6,
          18,
          1
        ],
        "normals": [
          28,
          28,
          28
        ]
      }
    },
    {
      "Triangle": {
        "vertices": [
          15,
          0,
          8
        ],
        "normals": [
          29,
          29,
          29
        ]
      }
    },
    {
      "Triangle": {
        "vertices": [
          15,
          8,
          9
        ],
        "normals": [
          30,
          30,
          30
        ]
      }
    },
    {
      "Triangle": {
        "vertices": [
          1,
          18,
          11
        ],
        "normals": [
          31,
          31,
          31
        ]
      }
    },
    {
      "Triangle": {
        "vertices": [
          11,
          12,
          13
        ],
        "normals": [
          32,
          32,
          32
        ]
      }
    },
    {
      "Triangle": {
        "vertices": [
          13,
          1,
          10
        ],
        "normals": [
          33,
          33,
          33
        ]
      }
    },
    {
      "Triangle": {
        "vertices": [
          2,
          4,
          15
        ],
        "normals": [
          34,
          34,
          34
        ]
      }
    },
    {
      "Triangle": {
        "vertices": [
          1,
          15,
          3
        ],
        "normals": [
          35,
          35,
          35
        ]
      }
    },
    {
      "Triangle": {
        "vertices": [
          8,
          2,
          14
        ],
        "normals": [
          36,
          36,
          36
        ]
      }
    },
    {
      "Triangle": {
        "vertices": [
          8,
          6,
          5
        ],
        "normals": [
          37,
          37,
          37
        ]
      }
    },
    {
      "Triangle": {
        "vertices": [
          16,
          10,
          14
        ],
        "normals": [
          38,
          38,
          38
        ]
      }
    },
    {
      "Triangle": {
        "vertices": [
          16,
          14,
          1
        ],
        "normals": [
          39,
          39,
          39
        ]
      }
    },
    {
      "Triangle": {
        "vertices": [
          8,
          5,
          7
        ],
        "normals": [
          40,
          40,
          40
        ]
      }
    },
    {
      "Triangle": {
        "vertices": [
          18,
          8,
          17
        ],
        "normals": [
          41,
          41,
          41
        ]
      }
    },
    {
      "Triangle": {
        "vertices": [
          17,
          7,
          6
        ],
        "normals": [
          42,
          42,
          42
        ]
      }
    },
    {
      "Triangle": {
        "vertices": [
          11,
          13,
          16
        ],
        "normals": [
          43,
          43,
          43
        ]
      }
    },
    {
      "Triangle": {
        "vertices": [
          18,
          16,
          12
        ],
        "normals": [
          44,
          44,
          44
        ]
      }
    },
    {
      "Triangle": {
        "vertices": [
          10,
          11,
          17
        ],
        "normals": [
          45,
          45,
          45
        ]
      }
    }
  ],
  "vertices": [
    [
      15.005896,
      -0.096932136,
      0.035714287
    ],
    [
      15.032319,
      1.3814715,
      0.07692308
    ],
    [
      14.85898,
      0.023603572,
      -0.071428575
    ],
    [
      15.036084,
      0.0625,
      0.125
    ],
    [
      14.7667465,
      -0.40400624,
      0.0625
    ],
    [
      15.922697,
      0.79014397,
      0.0625
    ],
    [
      15.74002,
      1.2527441,
      -0.03125
    ],
    [
      16.038675,
      1.1591878,
      0.0
    ],
    [
      15.546143,
      0.94594526,
      0.025
    ],
    [
      15.369417,
      0.61406684,
      0.083333336
    ],
    [
      14.954895,
      2.2789257,
      -0.125
    ],
    [
      15.005896,
      2.5789828,
      0.035714287
    ],
    [
      15.1,
      2.5052557,
      0.1
    ],
    [
      14.670095,
      2.5570505,
      0.1
    ],
    [
      15.010317,
      1.2410252,
      -0.125
    ],
    [
      15.082797,
      0.19028437,
      0.0625
    ],
    [
      15.082798,
      2.3152037,
      0.0625
    ],
    [
      15.3785515,
      1.8498192,
      -0.03125
    ],
    [
      15.381446,
      1.8054839,
      0.0
    ]
  ],
  "normals": [
    [
      -0.0,
      0.0,
      1.0
    ],
    [
      0.0,
      -0.0,
      1.0
    ],
    [
      0.0,
      0.0,
      1.0
    ],
    [
      0.0,
      0.0,
      1.0
    ],
    [
      0.0,
      0.0,
      1.0
    ],
    [
      0.0,
      0.0,
      1.0
    ],
    [
      -0.4803841,
      0.83205044,
      -0.27735046
    ],
    [
      0.4803845,
      -0.83205026,
      -0.27735028
    ],
    [
      -0.0,
      0.0,
      1.0
    ],
    [
      0.0,
      -0.0,
      1.0
    ],
    [
      0.0,
      0.0,
      1.0
    ],
    [
      0.9711824,
      -0.023885377,
      -0.23713756
    ],
    [
      -0.94130254,
      0.02315051,
      -0.33676922
    ],
    [
      -0.43301237,
      -0.7500001,
      -0.5000001
    ],
    [
      0.5568423,
      0.7543123,
      -0.3477638
    ],
    [
      0.96076906,
      0.0,
      -0.27734965
    ],
    [
      -0.960769,
      -0.0,
      -0.27734968
    ],
    [
      -0.98974323,
      -0.0,
      -0.14285754
    ],
    [
      0.91766334,
      0.0,
      -0.3973587
    ],
    [
      0.465517,
      -0.75379306,
      -0.46377778
    ],
    [
      -0.5386962,
      -0.822344,
      -0.18318492
    ],
    [
      0.50037605,
      0.7638465,
      -0.40763015
    ],
    [
      -0.44442973,
      0.7196473,
      -0.5334698
    ],
    [
      0.0,
      0.0,
      1.0
    ],
    [
      0.0,
      0.0,
      1.0
    ],
    [
      0.0,
      0.0,
      1.0
    ],
    [
      -0.0,
      0.0,
      1.0
    ],
    [
      0.0,
      0.0,
      1.0
    ],
    [
      0.0,
      -0.0,
      1.0
    ],
    [
      -0.53869617,
      0.82234406,
      -0.18318489
    ],
    [
      0.500376,
      -0.7638466,
      -0.4076301
    ],
    [
      0.0,
      0.0,
      1.0
    ],
    [
      0.0,
      0.0,
      1.0
    ],
    [
      0.0,
      0.0,
      1.0
    ],
    [
      0.960769,
      0.0,
      -0.27734968
    ],
    [
      -0.96076906,
      -0.0,
      -0.2773497
    ],
    [
      -0.46909472,
      -0.6354472,
      -0.61331636
    ],
    [
      0.4330124,
      0.75000024,
      -0.50000006
    ],
    [
      0.97204864,
      0.02613311,
      -0.23332053
    ],
    [
      -0.9393223,
      -0.025253277,
      -0.34210512
    ],
    [
      -0.98974323,
      0.0,
      -0.14285752
    ],
    [
      0.9176634,
      0.0,
      -0.39735872
    ],
    [
      0.4330132,
      -0.74999994,
      -0.49999958
    ],
    [
      -0.48038426,
      -0.8320504,
      -0.27735037
    ],
    [
      0.48038453,
      0.83205014,
      -0.2773503
    ],
    [
      -0.4330129,
      0.74999964,
      -0.5000004
    ]
  ]
}
