---
source: src/mesh_smoothing.rs
expression: "&relaxed_geometry"
---
{
  "faces": [
    {
      "Triangle": {
        "vertices": [
          0,
          4,
          3
        ],
        "normals": [
          0,
          0,
          0
        ]
      }
    },
    {
      "Triangle": {
        "vertices": [
          0,
          9,
          1
        ],
        "normals": [
          1,
          1,
          1
        ]
      }
    },
    {
      "Triangle": {
        "vertices": [
          1,
          3,
          2
        ],
        "normals": [
          2,
          2,
          2
        ]
      }
    },
    {
      "Triangle": {
        "vertices": [
          5,
          9,
          7
        ],
        "normals": [
          3,
          3,
          3
        ]
      }
    },
    {
      "Triangle": {
        "vertices": [
          5,
          6,
          9
        ],
        "normals": [
          4,
          4,
          4
        ]
      }
    },
    {
      "Triangle": {
        "vertices": [
          6,
          7,
          18
        ],
        "normals": [
          5,
          5,
          5
        ]
      }
    },
    {
      "Triangle": {
        "vertices": [
          0,
          15,
          4
        ],
        "normals": [
          6,
          6,
          6
        ]
      }
    },
    {
      "Triangle": {
        "vertices": [
          3,
          15,
          9
        ],
        "normals": [
          7,
          7,
          7
        ]
      }
    },
    {
      "Triangle": {
        "vertices": [
          1,
          11,
          10
        ],
        "normals": [
          8,
          8,
          8
        ]
      }
    },
    {
      "Triangle": {
        "vertices": [
          11,
          18,
          12
        ],
        "normals": [
          9,
          9,
          9
        ]
      }
    },
    {
      "Triangle": {
        "vertices": [
          1,
          13,
          12
        ],
        "normals": [
          10,
          10,
          10
        ]
      }
    },
    {
      "Triangle": {
        "vertices": [
          2,
          15,
          14
        ],
        "normals": [
          11,
          11,
          11
        ]
      }
    },
    {
      "Triangle": {
        "vertices": [
          1,
          14,
          15
        ],
        "normals": [
          12,
          12,
          12
        ]
      }
    },
    {
      "Triangle": {
        "vertices": [
          0,
          2,
          8
        ],
        "normals": [
          13,
          13,
          13
        ]
      }
    },
    {
      "Triangle": {
        "vertices": [
          6,
          8,
          14
        ],
        "normals": [
          14,
          14,
          14
        ]
      }
    },
    {
      "Triangle": {
        "vertices": [
          10,
          16,
          13
        ],
        "normals": [
          15,
          15,
          15
        ]
      }
    },
    {
      "Triangle": {
        "vertices": [
          1,
          12,
          16
        ],
        "normals": [
          16,
          16,
          16
        ]
      }
    },
    {
      "Triangle": {
        "vertices": [
          7,
          17,
          8
        ],
        "normals": [
          17,
          17,
          17
        ]
      }
    },
    {
      "Triangle": {
        "vertices": [
          8,
          18,
          9
        ],
        "normals": [
          18,
          18,
          18
        ]
      }
    },
    {
      "Triangle": {
        "vertices": [
          6,
          14,
          17
        ],
        "normals": [
          19,
          19,
          19
        ]
      }
    },
    {
      "Triangle": {
        "vertices": [
          11,
          16,
          17
        ],
        "normals": [
          20,
          20,
          20
        ]
      }
    },
    {
      "Triangle": {
        "vertices": [
          16,
          18,
          17
        ],
        "normals": [
          21,
          21,
          21
        ]
      }
    },
    {
      "Triangle": {
        "vertices": [
          10,
          17,
          14
        ],
        "normals": [
          22,
          22,
          22
        ]
      }
    },
    {
      "Triangle": {
        "vertices": [
          0,
          3,
          9
        ],
        "normals": [
          23,
          23,
          23
        ]
      }
    },
    {
      "Triangle": {
        "vertices": [
          0,
          1,
          2
        ],
        "normals": [
          24,
          24,
          24
        ]
      }
    },
    {
      "Triangle": {
        "vertices": [
          2,
          3,
          4
        ],
        "normals": [
          25,
          25,
          25
        ]
      }
    },
    {
      "Triangle": {
        "vertices": [
          7,
          9,
          18
        ],
        "normals": [
          26,
          26,
          26
        ]
      }
    },
    {
      "Triangle": {
        "vertices": [
          1,
          9,
          6
        ],
        "normals": [
          27,
          27,
          27
        ]
      }
    },
    {
      "Triangle": {
        "vertices": [
          1,
          6,
          18
        ],
        "normals": [
          28,
          28,
          28
        ]
      }
    },
    {
      "Triangle": {
        "vertices": [
          0,
          8,
          15
        ],
        "normals": [
          29,
          29,
          29
        ]
      }
    },
    {
      "Triangle": {
        "vertices": [
          8,
          9,
          15
        ],
        "normals": [
          30,
          30,
          30
        ]
      }
    },
    {
      "Triangle": {
        "vertices": [
          1,
          18,
          11
        ],
        "normals": [
          31,
          31,
          31
        ]
      }
    },
    {
      "Triangle": {
        "vertices": [
          11,
          12,
          13
        ],
        "normals": [
          32,
          32,
          32
        ]
      }
    },
    {
      "Triangle": {
        "vertices": [
          1,
          10,
          13
        ],
        "normals": [
          33,
          33,
          33
        ]
      }
    },
    {
      "Triangle": {
        "vertices": [
          2,
          4,
          15
        ],
        "normals": [
          34,
          34,
          34
        ]
      }
    },
    {
      "Triangle": {
        "vertices": [
          1,
          15,
          3
        ],
        "normals": [
          35,
          35,
          35
        ]
      }
    },
    {
      "Triangle": {
        "vertices": [
          2,
          14,
          8
        ],
        "normals": [
          36,
          36,
          36
        ]
      }
    },
    {
      "Triangle": {
        "vertices": [
          5,
          8,
          6
        ],
        "normals": [
          37,
          37,
          37
        ]
      }
    },
    {
      "Triangle": {
        "vertices": [
          10,
          14,
          16
        ],
        "normals": [
          38,
          38,
          38
        ]
      }
    },
    {
      "Triangle": {
        "vertices": [
          1,
          16,
          14
        ],
        "normals": [
          39,
          39,
          39
        ]
      }
    },
    {
      "Triangle": {
        "vertices": [
          5,
          7,
          8
        ],
        "normals": [
          40,
          40,
          40
        ]
      }
    },
    {
      "Triangle": {
        "vertices": [
          8,
          17,
          18
        ],
        "normals": [
          41,
          41,
          41
        ]
      }
    },
    {
      "Triangle": {
        "vertices": [
          6,
          17,
          7
        ],
        "normals": [
          42,
          42,
          42
        ]
      }
    },
    {
      "Triangle": {
        "vertices": [
          11,
          13,
          16
        ],
        "normals": [
          43,
          43,
          43
        ]
      }
    },
    {
      "Triangle": {
        "vertices": [
          12,
          18,
          16
        ],
        "normals": [
          44,
          44,
          44
        ]
      }
    },
    {
      "Triangle": {
        "vertices": [
          10,
          11,
          17
        ],
        "normals": [
          45,
          45,
          45
        ]
      }
    }
  ],
  "vertices": [
    [
      15.151657,
      0.61758465,
      0.028723316
    ],
    [
      15.1518,
      1.3108183,
      0.028865447
    ],
    [
      15.125829,
      0.6711689,
      0.024559958
    ],
    [
      15.1270485,
      0.5928971,
      0.03548939
    ],
    [
      15.066284,
      0.4080037,
      0.039397664
    ],
    [
      15.453969,
      1.0370877,
      0.01690109
    ],
    [
      15.381245,
      1.2312922,
      0.013342023
    ],
    [
      15.440678,
      1.2085572,
      0.014121432
    ],
    [
      15.327692,
      1.0205119,
      0.021627186
    ],
    [
      15.303463,
      0.93579644,
      0.02471134
    ],
    [
      15.140347,
      1.7742709,
      0.009292393
    ],
    [
      15.13961,
      1.8577518,
      0.0205847
    ],
    [
      15.130694,
      1.8582414,
      0.023034584
    ],
    [
      15.063364,
      1.9143234,
      0.024864813
    ],
    [
      15.19091,
      1.2617197,
      0.012168706
    ],
    [
      15.161481,
      0.691733,
      0.027816582
    ],
    [
      15.150736,
      1.7947862,
      0.020292046
    ],
    [
      15.269146,
      1.5411683,
      0.013696757
    ],
    [
      15.271971,
      1.4922107,
      0.016928824
    ]
  ],
  "normals": [
    [
      0.0,
      0.0,
      0.42524105
    ],
    [
      0.0,
      -0.0,
      1.0747586
    ],
    [
      0.0,
      0.0,
      1.0747575
    ],
    [
      -0.0,
      0.0,
      0.4252399
    ],
    [
      0.0,
      0.0,
      0.42524105
    ],
    [
      0.0,
      0.0,
      0.42524052
    ],
    [
      -0.36826876,
      0.6378608,
      -0.2126205
    ],
    [
      0.9307687,
      -1.6121385,
      -0.53737986
    ],
    [
      0.0,
      0.0,
      0.42524064
    ],
    [
      0.0,
      -0.0,
      1.0747588
    ],
    [
      0.0,
      0.0,
      1.0747579
    ],
    [
      1.6506,
      -0.040595055,
      -0.40303373
    ],
    [
      -1.6506,
      0.040595055,
      -0.5905341
    ],
    [
      -0.36826876,
      -0.6378608,
      -0.42524055
    ],
    [
      0.8604562,
      1.165595,
      -0.5373792
    ],
    [
      0.73653835,
      0.0,
      -0.21261996
    ],
    [
      -1.8615384,
      0.0,
      -0.53737897
    ],
    [
      -1.5802882,
      0.0,
      -0.22809559
    ],
    [
      1.8615382,
      0.0,
      -0.8060672
    ],
    [
      0.71983194,
      -1.165595,
      -0.7171425
    ],
    [
      -0.7901439,
      -1.2061901,
      -0.26869032
    ],
    [
      0.7901439,
      1.2061901,
      -0.6436888
    ],
    [
      -0.71983194,
      1.165595,
      -0.86404794
    ],
    [
      -0.0,
      0.0,
      1.0747586
    ],
    [
      0.0,
      0.0,
      0.42524105
    ],
    [
      0.0,
      0.0,
      0.42523944
    ],
    [
      -0.0,
      0.0,
      1.0747578
    ],
    [
      -0.0,
      0.0,
      1.0747586
    ],
    [
      0.0,
      0.0,
      1.0747595
    ],
    [
      -0.7901437,
      1.2061901,
      -0.2686902
    ],
    [
      0.7901437,
      -1.2061901,
      -0.64368874
    ],
    [
      0.0,
      0.0,
      1.0747594
    ],
    [
      0.0,
      0.0,
      0.425241
    ],
    [
      0.0,
      0.0,
      0.42523992
    ],
    [
      0.7365375,
      0.0,
      -0.21261972
    ],
    [
      -1.8615375,
      -0.0,
      -0.5373787
    ],
    [
      -0.8604562,
      -1.165595,
      -1.1250008
    ],
    [
      0.36826873,
      0.6378608,
      -0.42524043
    ],
    [
      1.5099759,
      0.040595055,
      -0.36243904
    ],
    [
      -1.5099759,
      -0.040595055,
      -0.54993963
    ],
    [
      -0.7365383,
      0.0,
      -0.10631044
    ],
    [
      1.5802882,
      0.0,
      -0.6842828
    ],
    [
      0.36826953,
      -0.6378608,
      -0.42524022
    ],
    [
      -0.3682689,
      -0.6378608,
      -0.21262044
    ],
    [
      0.9307689,
      1.6121385,
      -0.53737986
    ],
    [
      -0.36826944,
      0.6378608,
      -0.42524108
    ]
  ]
}
