---
source: src/mesh_smoothing.rs
expression: "&subdivided_geometry"
---
{
  "faces": [
    {
      "Triangle": {
        "vertices": [
          1,
          8,
          10
        ],
        "normals": [
          0,
          0,
          0
        ]
      }
    },
    {
      "Triangle": {
        "vertices": [
          3,
          9,
          8
        ],
        "normals": [
          1,
          1,
          1
        ]
      }
    },
    {
      "Triangle": {
        "vertices": [
          4,
          10,
          9
        ],
        "normals": [
          2,
          2,
          2
        ]
      }
    },
    {
      "Triangle": {
        "vertices": [
          8,
          9,
          10
        ],
        "normals": [
          3,
          3,
          3
        ]
      }
    },
    {
      "Triangle": {
        "vertices": [
          0,
          11,
          12
        ],
        "normals": [
          4,
          4,
          4
        ]
      }
    },
    {
      "Triangle": {
        "vertices": [
          3,
          8,
          11
        ],
        "normals": [
          5,
          5,
          5
        ]
      }
    },
    {
      "Triangle": {
        "vertices": [
          1,
          12,
          8
        ],
        "normals": [
          6,
          6,
          6
        ]
      }
    },
    {
      "Triangle": {
        "vertices": [
          8,
          12,
          11
        ],
        "normals": [
          7,
          7,
          7
        ]
      }
    },
    {
      "Triangle": {
        "vertices": [
          2,
          13,
          15
        ],
        "normals": [
          8,
          8,
          8
        ]
      }
    },
    {
      "Triangle": {
        "vertices": [
          4,
          14,
          13
        ],
        "normals": [
          9,
          9,
          9
        ]
      }
    },
    {
      "Triangle": {
        "vertices": [
          5,
          15,
          14
        ],
        "normals": [
          10,
          10,
          10
        ]
      }
    },
    {
      "Triangle": {
        "vertices": [
          13,
          14,
          15
        ],
        "normals": [
          11,
          11,
          11
        ]
      }
    },
    {
      "Triangle": {
        "vertices": [
          1,
          10,
          16
        ],
        "normals": [
          12,
          12,
          12
        ]
      }
    },
    {
      "Triangle": {
        "vertices": [
          4,
          13,
          10
        ],
        "normals": [
          13,
          13,
          13
        ]
      }
    },
    {
      "Triangle": {
        "vertices": [
          2,
          16,
          13
        ],
        "normals": [
          14,
          14,
          14
        ]
      }
    },
    {
      "Triangle": {
        "vertices": [
          10,
          13,
          16
        ],
        "normals": [
          15,
          15,
          15
        ]
      }
    },
    {
      "Triangle": {
        "vertices": [
          0,
          17,
          11
        ],
        "normals": [
          16,
          16,
          16
        ]
      }
    },
    {
      "Triangle": {
        "vertices": [
          5,
          18,
          17
        ],
        "normals": [
          17,
          17,
          17
        ]
      }
    },
    {
      "Triangle": {
        "vertices": [
          3,
          11,
          18
        ],
        "normals": [
          18,
          18,
          18
        ]
      }
    },
    {
      "Triangle": {
        "vertices": [
          11,
          17,
          18
        ],
        "normals": [
          19,
          19,
          19
        ]
      }
    },
    {
      "Triangle": {
        "vertices": [
          0,
          19,
          17
        ],
        "normals": [
          20,
          20,
          20
        ]
      }
    },
    {
      "Triangle": {
        "vertices": [
          2,
          15,
          19
        ],
        "normals": [
          21,
          21,
          21
        ]
      }
    },
    {
      "Triangle": {
        "vertices": [
          5,
          17,
          15
        ],
        "normals": [
          22,
          22,
          22
        ]
      }
    },
    {
      "Triangle": {
        "vertices": [
          15,
          17,
          19
        ],
        "normals": [
          23,
          23,
          23
        ]
      }
    },
    {
      "Triangle": {
        "vertices": [
          0,
          12,
          21
        ],
        "normals": [
          24,
          24,
          24
        ]
      }
    },
    {
      "Triangle": {
        "vertices": [
          1,
          20,
          12
        ],
        "normals": [
          25,
          25,
          25
        ]
      }
    },
    {
      "Triangle": {
        "vertices": [
          6,
          21,
          20
        ],
        "normals": [
          26,
          26,
          26
        ]
      }
    },
    {
      "Triangle": {
        "vertices": [
          12,
          20,
          21
        ],
        "normals": [
          27,
          27,
          27
        ]
      }
    },
    {
      "Triangle": {
        "vertices": [
          3,
          22,
          9
        ],
        "normals": [
          28,
          28,
          28
        ]
      }
    },
    {
      "Triangle": {
        "vertices": [
          7,
          23,
          22
        ],
        "normals": [
          29,
          29,
          29
        ]
      }
    },
    {
      "Triangle": {
        "vertices": [
          4,
          9,
          23
        ],
        "normals": [
          30,
          30,
          30
        ]
      }
    },
    {
      "Triangle": {
        "vertices": [
          9,
          22,
          23
        ],
        "normals": [
          31,
          31,
          31
        ]
      }
    },
    {
      "Triangle": {
        "vertices": [
          1,
          16,
          20
        ],
        "normals": [
          32,
          32,
          32
        ]
      }
    },
    {
      "Triangle": {
        "vertices": [
          2,
          24,
          16
        ],
        "normals": [
          33,
          33,
          33
        ]
      }
    },
    {
      "Triangle": {
        "vertices": [
          6,
          20,
          24
        ],
        "normals": [
          34,
          34,
          34
        ]
      }
    },
    {
      "Triangle": {
        "vertices": [
          16,
          24,
          20
        ],
        "normals": [
          35,
          35,
          35
        ]
      }
    },
    {
      "Triangle": {
        "vertices": [
          4,
          23,
          14
        ],
        "normals": [
          36,
          36,
          36
        ]
      }
    },
    {
      "Triangle": {
        "vertices": [
          7,
          25,
          23
        ],
        "normals": [
          37,
          37,
          37
        ]
      }
    },
    {
      "Triangle": {
        "vertices": [
          5,
          14,
          25
        ],
        "normals": [
          38,
          38,
          38
        ]
      }
    },
    {
      "Triangle": {
        "vertices": [
          14,
          23,
          25
        ],
        "normals": [
          39,
          39,
          39
        ]
      }
    },
    {
      "Triangle": {
        "vertices": [
          0,
          21,
          19
        ],
        "normals": [
          40,
          40,
          40
        ]
      }
    },
    {
      "Triangle": {
        "vertices": [
          6,
          24,
          21
        ],
        "normals": [
          41,
          41,
          41
        ]
      }
    },
    {
      "Triangle": {
        "vertices": [
          2,
          19,
          24
        ],
        "normals": [
          42,
          42,
          42
        ]
      }
    },
    {
      "Triangle": {
        "vertices": [
          19,
          21,
          24
        ],
        "normals": [
          43,
          43,
          43
        ]
      }
    },
    {
      "Triangle": {
        "vertices": [
          3,
          18,
          22
        ],
        "normals": [
          44,
          44,
          44
        ]
      }
    },
    {
      "Triangle": {
        "vertices": [
          5,
          25,
          18
        ],
        "normals": [
          45,
          45,
          45
        ]
      }
    },
    {
      "Triangle": {
        "vertices": [
          7,
          22,
          25
        ],
        "normals": [
          46,
          46,
          46
        ]
      }
    },
    {
      "Triangle": {
        "vertices": [
          18,
          25,
          22
        ],
        "normals": [
          47,
          47,
          47
        ]
      }
    }
  ],
  "vertices": [
    [
      0.50878996,
      -0.056250006,
      0.3875
    ],
    [
      -0.20568109,
      0.46874997,
      0.3875
    ],
    [
      -0.3031088,
      -0.41250002,
      0.3875
    ],
    [
      0.5087899,
      0.056250002,
      -0.38750005
    ],
    [
      -0.30310893,
      0.41249996,
      -0.38750005
    ],
    [
      -0.20568095,
      -0.46874997,
      -0.38750005
    ],
    [
      0.0,
      -1.4901161e-8,
      0.71875
    ],
    [
      0.0,
      0.0,
      -0.71875
    ],
    [
      0.2165063,
      0.375,
      -5.9604645e-8
    ],
    [
      0.10825314,
      0.375,
      -0.43750006
    ],
    [
      -0.27063298,
      0.46875,
      -5.9604645e-8
    ],
    [
      0.54126585,
      0.0,
      -5.9604645e-8
    ],
    [
      0.27063292,
      0.28125,
      0.43749994
    ],
    [
      -0.43301272,
      -2.9802322e-8,
      -5.9604645e-8
    ],
    [
      -0.3788861,
      -0.09375,
      -0.43750006
    ],
    [
      -0.27063286,
      -0.46875003,
      -5.9604645e-8
    ],
    [
      -0.37888613,
      0.09374997,
      0.43749994
    ],
    [
      0.2165064,
      -0.375,
      -5.9604645e-8
    ],
    [
      0.27063298,
      -0.28125,
      -0.43750006
    ],
    [
      0.10825324,
      -0.37500003,
      0.43749994
    ],
    [
      -0.108253196,
      0.1875,
      0.6875
    ],
    [
      0.21650636,
      -7.450581e-9,
      0.6875
    ],
    [
      0.21650635,
      0.0,
      -0.68750006
    ],
    [
      -0.10825319,
      0.1875,
      -0.6875
    ],
    [
      -0.10825316,
      -0.18750003,
      0.6875
    ],
    [
      -0.10825315,
      -0.1875,
      -0.6875
    ]
  ],
  "normals": [
    [
      0.03632813,
      0.1887665,
      -0.006089226
    ],
    [
      0.13945313,
      0.16982217,
      -0.034505695
    ],
    [
      0.011718733,
      0.16102658,
      -0.024356978
    ],
    [
      0.041015625,
      0.21312344,
      -0.010148734
    ],
    [
      0.13359377,
      0.09066207,
      0.024356946
    ],
    [
      0.14531249,
      0.12584431,
      0.006089244
    ],
    [
      0.07734374,
      0.20568106,
      0.0345057
    ],
    [
      0.1640625,
      0.1420823,
      0.010148725
    ],
    [
      -0.18164065,
      -0.0629222,
      -0.0060892324
    ],
    [
      -0.21679686,
      0.035858847,
      -0.03450571
    ],
    [
      -0.14531249,
      -0.07036459,
      -0.024356976
    ],
    [
      -0.20507812,
      -0.07104119,
      -0.010148746
    ],
    [
      -0.14531252,
      0.07036455,
      0.024356967
    ],
    [
      -0.18164062,
      0.06292215,
      0.006089235
    ],
    [
      -0.21679689,
      -0.035858907,
      0.034505717
    ],
    [
      -0.20507814,
      0.07104114,
      0.010148738
    ],
    [
      0.14531252,
      -0.12584428,
      -0.006089261
    ],
    [
      0.07734374,
      -0.20568103,
      -0.0345057
    ],
    [
      0.13359375,
      -0.09066201,
      -0.024356961
    ],
    [
      0.1640625,
      -0.14208224,
      -0.010148734
    ],
    [
      0.13945314,
      -0.16982216,
      0.034505695
    ],
    [
      0.011718752,
      -0.16102661,
      0.024356965
    ],
    [
      0.036328133,
      -0.18876646,
      0.0060892147
    ],
    [
      0.04101564,
      -0.21312344,
      0.010148726
    ],
    [
      0.09843751,
      0.056832947,
      0.08524939
    ],
    [
      0.042187512,
      0.13802283,
      0.11569557
    ],
    [
      0.005859375,
      0.010148736,
      0.040594947
    ],
    [
      0.046875007,
      0.08118991,
      0.10148735
    ],
    [
      0.0984375,
      0.105546854,
      -0.115695566
    ],
    [
      0.005859364,
      0.010148729,
      -0.04059494
    ],
    [
      -1.3038516e-8,
      0.113665804,
      -0.085249364
    ],
    [
      0.046874978,
      0.08118988,
      -0.101487346
    ],
    [
      -0.09843752,
      0.056832906,
      0.08524937
    ],
    [
      -0.14062503,
      -0.03247597,
      0.11569558
    ],
    [
      -0.011718751,
      -1.1641532e-9,
      0.040594943
    ],
    [
      -0.09375003,
      -1.4901161e-8,
      0.10148736
    ],
    [
      -0.14062496,
      0.032475937,
      -0.11569558
    ],
    [
      -0.01171875,
      -1.1641532e-9,
      -0.04059494
    ],
    [
      -0.09843747,
      -0.05683293,
      -0.085249364
    ],
    [
      -0.09374998,
      -7.450581e-9,
      -0.10148735
    ],
    [
      0.09843751,
      -0.105546854,
      0.115695596
    ],
    [
      0.005859376,
      -0.010148735,
      0.040594947
    ],
    [
      9.313226e-9,
      -0.11366585,
      0.08524938
    ],
    [
      0.04687502,
      -0.08118989,
      0.10148736
    ],
    [
      0.09843751,
      -0.056832895,
      -0.085249364
    ],
    [
      0.042187482,
      -0.13802277,
      -0.11569558
    ],
    [
      0.005859364,
      -0.010148728,
      -0.04059494
    ],
    [
      0.046874985,
      -0.08118988,
      -0.10148735
    ]
  ]
}
